// Jest Snapshot v1, https://goo.gl/fbAQLP

exports[`SearchBar renders correctly when filters are provided 1`] = `
<div
  className="SearchBar"
>
  <div
    className="SearchBar__left"
  >
    <div>
      <div
        className="react-datepicker-wrapper"
      >
        <div
          className="react-datepicker__input-container"
        >
          <input
            autoComplete={undefined}
            autoFocus={undefined}
            className="test"
            disabled={false}
            id={undefined}
            name={undefined}
            onBlur={[Function]}
            onChange={[Function]}
            onClick={[Function]}
            onFocus={[Function]}
            onKeyDown={[Function]}
            placeholder="Start-Date"
            readOnly={undefined}
            required={undefined}
            tabIndex={undefined}
            title={undefined}
            type="text"
            value="01/05/2018"
          />
          <button
            className="react-datepicker__close-icon"
            onClick={[Function]}
            tabIndex={-1}
            title={undefined}
            type="button"
          />
        </div>
      </div>
    </div>
    <div>
      <div
        className="react-datepicker-wrapper"
      >
        <div
          className="react-datepicker__input-container"
        >
          <input
            autoComplete={undefined}
            autoFocus={undefined}
            className=""
            disabled={false}
            id={undefined}
            name={undefined}
            onBlur={[Function]}
            onChange={[Function]}
            onClick={[Function]}
            onFocus={[Function]}
            onKeyDown={[Function]}
            placeholder="End-Date"
            readOnly={undefined}
            required={undefined}
            tabIndex={undefined}
            title={undefined}
            type="text"
            value="05/05/2018"
          />
          <button
            className="react-datepicker__close-icon"
            onClick={[Function]}
            tabIndex={-1}
            title={undefined}
            type="button"
          />
        </div>
      </div>
    </div>
  </div>
  <div
    className="SearchBar__right"
  >
    <input
      className="SearchBar__searchField"
      onChange={[Function]}
      type="text"
      value=""
    />
    <button
      className="SearchBar__searchBtn"
      onClick={[Function]}
    >
      Search
    </button>
  </div>
</div>
`;
